2025-09-06 15:08:16.732 [main] INFO  Common.Listener - Test Suite: OrangeHrm started.
2025-09-06 15:08:22.550 [main] INFO  Common.Listener - Test Method: Admin_UserRole started.
2025-09-06 15:08:22.557 [main] WARN  Common.Listener - Test Method: Admin_UserRole skipped.
2025-09-06 15:08:22.560 [main] INFO  Common.Listener - Test Method: Admin_EmployeeName started.
2025-09-06 15:08:22.562 [main] WARN  Common.Listener - Test Method: Admin_EmployeeName skipped.
2025-09-06 15:08:22.563 [main] INFO  Common.Listener - Test Method: Admin_Status started.
2025-09-06 15:08:22.565 [main] WARN  Common.Listener - Test Method: Admin_Status skipped.
2025-09-06 15:08:22.567 [main] INFO  Common.Listener - Test Method: Admin_Username started.
2025-09-06 15:08:22.569 [main] WARN  Common.Listener - Test Method: Admin_Username skipped.
2025-09-06 15:08:22.571 [main] INFO  Common.Listener - Test Method: Admin_Password started.
2025-09-06 15:08:22.572 [main] WARN  Common.Listener - Test Method: Admin_Password skipped.
2025-09-06 15:08:22.573 [main] INFO  Common.Listener - Test Method: Admin_ConfirmPassword started.
2025-09-06 15:08:22.574 [main] WARN  Common.Listener - Test Method: Admin_ConfirmPassword skipped.
2025-09-06 15:08:22.577 [main] INFO  Common.Listener - Test Method: Admin_SystemUsername started.
2025-09-06 15:08:22.578 [main] WARN  Common.Listener - Test Method: Admin_SystemUsername skipped.
2025-09-06 15:08:25.479 [main] INFO  Common.Listener - Test Method: Leave_Accept started.
2025-09-06 15:08:25.482 [main] WARN  Common.Listener - Test Method: Leave_Accept skipped.
2025-09-06 15:08:28.432 [main] INFO  Common.Listener - Test Method: Recruitment_HiredList started.
2025-09-06 15:08:28.435 [main] WARN  Common.Listener - Test Method: Recruitment_HiredList skipped.
2025-09-06 15:08:28.436 [main] INFO  Common.Listener - Test Method: Recruitment_RejectionList1 started.
2025-09-06 15:08:28.437 [main] WARN  Common.Listener - Test Method: Recruitment_RejectionList1 skipped.
2025-09-06 15:08:28.438 [main] INFO  Common.Listener - Test Method: Recruitment_Rejected1 started.
2025-09-06 15:08:28.439 [main] WARN  Common.Listener - Test Method: Recruitment_Rejected1 skipped.
2025-09-06 15:08:31.347 [main] INFO  Common.Listener - Test Method: PIM_AddEmployee started.
2025-09-06 15:08:31.349 [main] WARN  Common.Listener - Test Method: PIM_AddEmployee skipped.
2025-09-06 15:08:31.351 [main] INFO  Common.Listener - Test Method: PersonalDetails started.
2025-09-06 15:08:31.353 [main] WARN  Common.Listener - Test Method: PersonalDetails skipped.
2025-09-06 15:08:34.470 [main] INFO  Common.Listener - Test Method: AccessRecords started.
2025-09-06 15:08:34.471 [main] WARN  Common.Listener - Test Method: AccessRecords skipped.
2025-09-06 15:08:34.517 [main] INFO  Common.Listener - Test Suite: OrangeHrm finished.
2025-09-06 15:15:54.421 [main] INFO  Common.Listener - Test Suite: OrangeHrm started.
2025-09-06 15:16:05.173 [main] INFO  Common.Listener - Test Method: Admin_UserRole started.
2025-09-06 15:16:09.715 [main] INFO  Common.Listener - Test Method: Admin_UserRole passed.
2025-09-06 15:16:09.721 [main] INFO  Common.Listener - Test Method: Admin_EmployeeName started.
2025-09-06 15:16:14.940 [main] INFO  Common.Listener - Test Method: Admin_EmployeeName passed.
2025-09-06 15:16:14.943 [main] INFO  Common.Listener - Test Method: Admin_Status started.
2025-09-06 15:16:17.169 [main] INFO  Common.Listener - Test Method: Admin_Status passed.
2025-09-06 15:16:17.180 [main] INFO  Common.Listener - Test Method: Admin_Username started.
2025-09-06 15:16:19.323 [main] INFO  Common.Listener - Test Method: Admin_Username passed.
2025-09-06 15:16:19.339 [main] INFO  Common.Listener - Test Method: Admin_Password started.
2025-09-06 15:16:21.619 [main] INFO  Common.Listener - Test Method: Admin_Password passed.
2025-09-06 15:16:21.633 [main] INFO  Common.Listener - Test Method: Admin_ConfirmPassword started.
2025-09-06 15:16:28.844 [main] INFO  Common.Listener - Test Method: Admin_ConfirmPassword passed.
2025-09-06 15:16:28.864 [main] INFO  Common.Listener - Test Method: Admin_SystemUsername started.
2025-09-06 15:16:30.035 [main] INFO  Common.Listener - Test Method: Admin_SystemUsername passed.
2025-09-06 15:16:37.202 [main] INFO  Common.Listener - Test Method: Leave_Accept started.
2025-09-06 15:16:55.015 [main] INFO  Common.Listener - Test Method: Leave_Accept passed.
2025-09-06 15:17:01.656 [main] INFO  Common.Listener - Test Method: Recruitment_HiredList started.
2025-09-06 15:17:08.114 [main] INFO  Common.Listener - Test Method: Recruitment_HiredList passed.
2025-09-06 15:17:08.116 [main] INFO  Common.Listener - Test Method: Recruitment_RejectionList1 started.
2025-09-06 15:17:09.551 [main] INFO  Common.Listener - Test Method: Recruitment_RejectionList1 passed.
2025-09-06 15:17:09.553 [main] INFO  Common.Listener - Test Method: Recruitment_Rejected1 started.
2025-09-06 15:17:36.802 [main] INFO  Common.Listener - Test Method: Recruitment_Rejected1 passed.
2025-09-06 15:17:46.705 [main] INFO  Common.Listener - Test Method: PIM_AddEmployee started.
2025-09-06 15:18:00.030 [main] INFO  Common.Listener - Test Method: PIM_AddEmployee passed.
2025-09-06 15:18:00.036 [main] INFO  Common.Listener - Test Method: PersonalDetails started.
2025-09-06 15:18:23.896 [main] INFO  Common.Listener - Test Method: PersonalDetails passed.
2025-09-06 15:18:30.650 [main] INFO  Common.Listener - Test Method: AccessRecords started.
2025-09-06 15:18:46.004 [main] INFO  Common.Listener - Test Method: AccessRecords passed.
2025-09-06 15:18:46.292 [main] INFO  Common.Listener - Test Suite: OrangeHrm finished.
